../../CM7/../../CM7/TouchGFX/gui/include/gui/screen1_screen/Screen1Presenter.hpp:29:13:Screen1Presenter::~Screen1Presenter()	0	static
C:/TouchGFXProjects/SwipeHMI_1/CM7/TouchGFX/gui/src/screen1_screen/Screen1Presenter.cpp:10:6:virtual void Screen1Presenter::activate()	0	static
../../CM7/../../CM7/TouchGFX/gui/include/gui/screen1_screen/Screen1Presenter.hpp:29:13:virtual Screen1Presenter::~Screen1Presenter()	8	static
C:/TouchGFXProjects/SwipeHMI_1/CM7/TouchGFX/gui/src/screen1_screen/Screen1Presenter.cpp:20:6:virtual void Screen1Presenter::updateSteering(SteeringData_t)	8	static
C:/TouchGFXProjects/SwipeHMI_1/CM7/TouchGFX/gui/src/screen1_screen/Screen1Presenter.cpp:25:6:virtual void Screen1Presenter::updateHeating(HeatingData_t)	24	static
C:/TouchGFXProjects/SwipeHMI_1/CM7/TouchGFX/gui/src/screen1_screen/Screen1Presenter.cpp:30:6:virtual void Screen1Presenter::updateAirComp(AirCompData_t)	24	static
C:/TouchGFXProjects/SwipeHMI_1/CM7/TouchGFX/gui/src/screen1_screen/Screen1Presenter.cpp:35:6:virtual void Screen1Presenter::hysterisis(Brake_Rx_t)	0	static
C:/TouchGFXProjects/SwipeHMI_1/CM7/TouchGFX/gui/src/screen1_screen/Screen1Presenter.cpp:40:6:virtual void Screen1Presenter::updateDcdc(DCDC_Rx_t)	8	static
../../CM7/../../CM7/TouchGFX/gui/include/gui/screen1_screen/Screen1Presenter.hpp:29:13:virtual void* Screen1Presenter::_ZThn4_N16Screen1PresenterD1Ev()	0	static
C:/TouchGFXProjects/SwipeHMI_1/CM7/TouchGFX/gui/src/screen1_screen/Screen1Presenter.cpp:4:1:Screen1Presenter::Screen1Presenter(Screen1View&)	0	static
