../../CM7/../../CM7/Middlewares/ST/touchgfx/framework/include/touchgfx/Screen.hpp:104:18:virtual void touchgfx::Screen::afterTransition()	0	static
../../CM7/../../CM7/Middlewares/ST/touchgfx/framework/include/touchgfx/Screen.hpp:154:18:virtual void touchgfx::Screen::handleKeyEvent(uint8_t)	0	static
../../CM7/../../CM7/Middlewares/ST/touchgfx/framework/include/touchgfx/Callback.hpp:290:8:touchgfx::Callback<Screen1View, const touchgfx::Slider&, int>::~Callback()	0	static
../../CM7/../../CM7/Middlewares/ST/touchgfx/framework/include/touchgfx/Callback.hpp:357:8:touchgfx::Callback<Screen1View, const touchgfx::AbstractButton&>::~Callback()	0	static
C:/TouchGFXProjects/SwipeHMI_1/CM7/TouchGFX/gui/src/screen1_screen/Screen1View.cpp:55:6:virtual void Screen1View::tearDownScreen()	0	static
C:/TouchGFXProjects/SwipeHMI_1/CM7/TouchGFX/gui/src/screen1_screen/Screen1View.cpp:171:6:void Screen1View::radioButtonSelectedHandler(const touchgfx::AbstractButton&)	0	static
../../CM7/../../CM7/Middlewares/ST/touchgfx/framework/include/touchgfx/Callback.hpp:386:18:void touchgfx::Callback<dest_type, T1, void, void>::execute(T1) [with dest_type = Screen1View; T1 = const touchgfx::AbstractButton&]	8	static
../../CM7/../../CM7/Middlewares/ST/touchgfx/framework/include/touchgfx/Callback.hpp:396:18:bool touchgfx::Callback<dest_type, T1, void, void>::isValid() const [with dest_type = Screen1View; T1 = const touchgfx::AbstractButton&]	0	static
../../CM7/../../CM7/Middlewares/ST/touchgfx/framework/include/touchgfx/Callback.hpp:318:18:void touchgfx::Callback<dest_type, T1, T2, void>::execute(T1, T2) [with dest_type = Screen1View; T1 = const touchgfx::Slider&; T2 = int]	12	static
../../CM7/../../CM7/Middlewares/ST/touchgfx/framework/include/touchgfx/Callback.hpp:328:18:bool touchgfx::Callback<dest_type, T1, T2, void>::isValid() const [with dest_type = Screen1View; T1 = const touchgfx::Slider&; T2 = int]	0	static
../../CM7/../../CM7/Middlewares/ST/touchgfx/framework/include/touchgfx/Callback.hpp:290:8:virtual touchgfx::Callback<Screen1View, const touchgfx::Slider&, int>::~Callback()	8	static
../../CM7/../../CM7/Middlewares/ST/touchgfx/framework/include/touchgfx/Callback.hpp:357:8:virtual touchgfx::Callback<Screen1View, const touchgfx::AbstractButton&>::~Callback()	8	static
../../CM7/../../CM7/TouchGFX/gui/include/gui/screen1_screen/Screen1View.hpp:12:13:Screen1View::~Screen1View()	8	static
../../CM7/../../CM7/TouchGFX/gui/include/gui/screen1_screen/Screen1View.hpp:12:13:virtual Screen1View::~Screen1View()	8	static
../../CM7/../../CM7/Middlewares/ST/touchgfx/framework/include/touchgfx/Unicode.hpp:404:25:static touchgfx::Unicode::UnicodeChar* touchgfx::Unicode::snprintfFloat(UnicodeChar*, uint16_t, const char*, float)	16	static
C:/TouchGFXProjects/SwipeHMI_1/CM7/TouchGFX/gui/src/screen1_screen/Screen1View.cpp:282:6:virtual void Screen1View::dcdcToggleCallback()	0	static
C:/TouchGFXProjects/SwipeHMI_1/CM7/TouchGFX/gui/src/screen1_screen/Screen1View.cpp:3:1:Screen1View::Screen1View()	16	static
C:/TouchGFXProjects/SwipeHMI_1/CM7/TouchGFX/gui/src/screen1_screen/Screen1View.cpp:21:6:virtual void Screen1View::setupScreen()	24	static
C:/TouchGFXProjects/SwipeHMI_1/CM7/TouchGFX/gui/src/screen1_screen/Screen1View.cpp:65:6:void Screen1View::updateSteeringStatusInfo(SteeringData_t)	32	static
C:/TouchGFXProjects/SwipeHMI_1/CM7/TouchGFX/gui/src/screen1_screen/Screen1View.cpp:75:6:void Screen1View::updateHeatingInfo(HeatingData_t)	32	static
C:/TouchGFXProjects/SwipeHMI_1/CM7/TouchGFX/gui/src/screen1_screen/Screen1View.cpp:85:6:void Screen1View::updateAirCompInfo(AirCompData_t)	32	static
C:/TouchGFXProjects/SwipeHMI_1/CM7/TouchGFX/gui/src/screen1_screen/Screen1View.cpp:93:6:void Screen1View::updateDcdcInfo(DCDC_Rx_t)	24	static
C:/TouchGFXProjects/SwipeHMI_1/CM7/TouchGFX/gui/src/screen1_screen/Screen1View.cpp:101:6:void Screen1View::hysterisisLoop(Brake_Rx_t)	16	static
C:/TouchGFXProjects/SwipeHMI_1/CM7/TouchGFX/gui/src/screen1_screen/Screen1View.cpp:130:6:void Screen1View::sliderValueChangedCallbackHandler(const touchgfx::Slider&, int)	16	static
C:/TouchGFXProjects/SwipeHMI_1/CM7/TouchGFX/gui/src/screen1_screen/Screen1View.cpp:144:6:void Screen1View::sliderValueConfirmedCallbackHandler(const touchgfx::Slider&, int)	16	static
C:/TouchGFXProjects/SwipeHMI_1/CM7/TouchGFX/gui/src/screen1_screen/Screen1View.cpp:183:6:virtual void Screen1View::steeringToggleCallback()	8	static
C:/TouchGFXProjects/SwipeHMI_1/CM7/TouchGFX/gui/src/screen1_screen/Screen1View.cpp:217:6:virtual void Screen1View::heaterToggleCallback()	8	static
C:/TouchGFXProjects/SwipeHMI_1/CM7/TouchGFX/gui/src/screen1_screen/Screen1View.cpp:228:6:virtual void Screen1View::airCompToggleCallback()	8	static
C:/TouchGFXProjects/SwipeHMI_1/CM7/TouchGFX/gui/src/screen1_screen/Screen1View.cpp:239:6:virtual void Screen1View::auxToggleCallback()	24	static
C:/TouchGFXProjects/SwipeHMI_1/CM7/TouchGFX/gui/src/screen1_screen/Screen1View.cpp:293:6:virtual void Screen1View::increaseHysterisisPressed()	8	static
C:/TouchGFXProjects/SwipeHMI_1/CM7/TouchGFX/gui/src/screen1_screen/Screen1View.cpp:306:6:virtual void Screen1View::decreaseHysterisisPressed()	8	static
