CM7/Core/Src/fdcan.c:37:6:MX_FDCAN1_Init	48	static
CM7/Core/Src/fdcan.c:119:6:MX_FDCAN2_Init	8	static
CM7/Core/Src/fdcan.c:169:6:HAL_FDCAN_MspInit	56	static
CM7/Core/Src/fdcan.c:247:6:HAL_FDCAN_MspDeInit	8	static
CM7/Core/Src/fdcan.c:305:10:UnpackSignal	16	static
CM7/Core/Src/fdcan.c:313:6:PackSignal	8	static
CM7/Core/Src/fdcan.c:319:6:SafeQueuePut	32	static
CM7/Core/Src/fdcan.c:333:6:CanRecvTask	72	static
CM7/Core/Src/fdcan.c:364:6:FDCAN_TxFrame	64	static
CM7/Core/Src/fdcan.c:393:6:serialize_DriverInputs	0	static
CM7/Core/Src/fdcan.c:424:6:serialize_FuseboxControl	0	static
CM7/Core/Src/fdcan.c:438:6:CanTxTask	32	static
CM7/Core/Src/fdcan.c:462:6:updateDriverInputs	16	static
CM7/Core/Src/fdcan.c:469:6:updateFuseBoxRelayControl	16	static
