CM7/Core/Src/fdcan.c:36:6:MX_FDCAN1_Init	48	static
CM7/Core/Src/fdcan.c:118:6:MX_FDCAN2_Init	8	static
CM7/Core/Src/fdcan.c:168:6:HAL_FDCAN_MspInit	56	static
CM7/Core/Src/fdcan.c:246:6:HAL_FDCAN_MspDeInit	8	static
CM7/Core/Src/fdcan.c:304:10:UnpackSignal	16	static
CM7/Core/Src/fdcan.c:312:6:PackSignal	8	static
CM7/Core/Src/fdcan.c:318:6:SafeQueuePut	32	static
CM7/Core/Src/fdcan.c:332:6:CanRecvTask	72	static
CM7/Core/Src/fdcan.c:363:6:FDCAN_TxFrame	64	static
CM7/Core/Src/fdcan.c:392:6:serialize_DriverInputs	0	static
CM7/Core/Src/fdcan.c:422:6:CanTxTask	24	static
CM7/Core/Src/fdcan.c:440:6:updateDriverInputs	16	static
