CM7/TouchGFX/gui/include/gui/screen1_screen/Screen1Presenter.hpp:29:13:Screen1Presenter::~Screen1Presenter()	0	static
CM7/TouchGFX/gui/src/screen1_screen/Screen1Presenter.cpp:10:6:virtual void Screen1Presenter::activate()	0	static
CM7/TouchGFX/gui/include/gui/screen1_screen/Screen1Presenter.hpp:29:13:virtual Screen1Presenter::~Screen1Presenter()	8	static
CM7/TouchGFX/gui/src/screen1_screen/Screen1Presenter.cpp:22:6:virtual void Screen1Presenter::updatePressHydLightPt(Press_Hydraulic_Light_PowerTrain_t)	48	static
CM7/TouchGFX/gui/src/screen1_screen/Screen1Presenter.cpp:26:6:virtual void Screen1Presenter::updateThermal1(Thermal_Management_Rx_1_t)	16	static
CM7/TouchGFX/gui/src/screen1_screen/Screen1Presenter.cpp:30:6:virtual void Screen1Presenter::updateThermal2(Thermal_Management_Rx_2_t)	16	static
CM7/TouchGFX/gui/include/gui/screen1_screen/Screen1Presenter.hpp:29:13:virtual void* Screen1Presenter::_ZThn4_N16Screen1PresenterD1Ev()	0	static
CM7/TouchGFX/gui/src/screen1_screen/Screen1Presenter.cpp:4:1:Screen1Presenter::Screen1Presenter(Screen1View&)	0	static
