CM7/TouchGFX/gui/include/gui/screen1_screen/Screen1Presenter.hpp:29:13:Screen1Presenter::~Screen1Presenter()	0	static
CM7/TouchGFX/gui/src/screen1_screen/Screen1Presenter.cpp:10:6:virtual void Screen1Presenter::activate()	0	static
CM7/TouchGFX/gui/src/screen1_screen/Screen1Presenter.cpp:79:6:virtual void Screen1Presenter::updateBms17_20(BMS_Values_9_t)	8	static
CM7/TouchGFX/gui/src/screen1_screen/Screen1Presenter.cpp:80:6:virtual void Screen1Presenter::updateBms21_24(BMS_Values_10_t)	8	static
CM7/TouchGFX/gui/include/gui/screen1_screen/Screen1Presenter.hpp:29:13:virtual Screen1Presenter::~Screen1Presenter()	8	static
CM7/TouchGFX/gui/src/screen1_screen/Screen1Presenter.cpp:20:6:virtual void Screen1Presenter::updateBms3(BMS_Values_3_t)	64	static
CM7/TouchGFX/gui/src/screen1_screen/Screen1Presenter.cpp:24:6:virtual void Screen1Presenter::udpateLcp(Ip_Ltng_Chg_Pnematic_Tx_t)	24	static
CM7/TouchGFX/gui/src/screen1_screen/Screen1Presenter.cpp:28:6:virtual void Screen1Presenter::updatePressHydLightPt(Press_Hydraulic_Light_PowerTrain_t)	48	static
CM7/TouchGFX/gui/src/screen1_screen/Screen1Presenter.cpp:32:6:virtual void Screen1Presenter::updateThermal1(Thermal_Management_Rx_1_t)	16	static
CM7/TouchGFX/gui/src/screen1_screen/Screen1Presenter.cpp:36:6:virtual void Screen1Presenter::updateThermal2(Thermal_Management_Rx_2_t)	16	static
CM7/TouchGFX/gui/src/screen1_screen/Screen1Presenter.cpp:40:6:virtual void Screen1Presenter::updateMtc1(Motor_And_Torque_Control_1_t)	8	static
CM7/TouchGFX/gui/src/screen1_screen/Screen1Presenter.cpp:44:6:virtual void Screen1Presenter::updateMtc2(Motor_And_Torque_Control_2_t)	8	static
CM7/TouchGFX/gui/src/screen1_screen/Screen1Presenter.cpp:48:6:virtual void Screen1Presenter::updateEpea(ElecSys_Power_Energy_AirComp_t)	16	static
CM7/TouchGFX/gui/src/screen1_screen/Screen1Presenter.cpp:58:6:virtual void Screen1Presenter::updateBms1_4(BMS_Values_5_t)	8	static
CM7/TouchGFX/gui/src/screen1_screen/Screen1Presenter.cpp:61:6:virtual void Screen1Presenter::updateBms5_8(BMS_Values_6_t)	8	static
CM7/TouchGFX/gui/src/screen1_screen/Screen1Presenter.cpp:64:6:virtual void Screen1Presenter::updateBms9_12(BMS_Values_7_t)	8	static
CM7/TouchGFX/gui/src/screen1_screen/Screen1Presenter.cpp:67:6:virtual void Screen1Presenter::updateBms13_16(BMS_Values_8_t)	8	static
CM7/TouchGFX/gui/src/screen1_screen/Screen1Presenter.cpp:70:6:virtual void Screen1Presenter::updateFb1State(FuseBox1State_t)	32	static
CM7/TouchGFX/gui/src/screen1_screen/Screen1Presenter.cpp:73:6:virtual void Screen1Presenter::updateFb2State(FuseBox2State_t)	32	static
CM7/TouchGFX/gui/src/screen1_screen/Screen1Presenter.cpp:76:6:virtual void Screen1Presenter::updateFbR(FuseBoxRelay_t)	32	static
CM7/TouchGFX/gui/include/gui/screen1_screen/Screen1Presenter.hpp:29:13:virtual void* Screen1Presenter::_ZThn4_N16Screen1PresenterD1Ev()	0	static
CM7/TouchGFX/gui/include/gui/screen1_screen/Screen1Presenter.hpp:40:18:virtual void Screen1Presenter::_ZThn4_N16Screen1Presenter14updateBms17_20E14BMS_Values_9_t(BMS_Values_9_t)	8	static
CM7/TouchGFX/gui/include/gui/screen1_screen/Screen1Presenter.hpp:41:18:virtual void Screen1Presenter::_ZThn4_N16Screen1Presenter14updateBms21_24E15BMS_Values_10_t(BMS_Values_10_t)	8	static
CM7/TouchGFX/gui/src/screen1_screen/Screen1Presenter.cpp:4:1:Screen1Presenter::Screen1Presenter(Screen1View&)	0	static
CM7/TouchGFX/gui/src/screen1_screen/Screen1Presenter.cpp:52:6:void Screen1Presenter::updateDriverIn_tx(DriverInputsTx_t)	24	static
CM7/TouchGFX/gui/src/screen1_screen/Screen1Presenter.cpp:55:6:void Screen1Presenter::updateFuseBoxRelay(FuseboxCtrlTx_t)	8	static
