CM7/Middlewares/ST/touchgfx/framework/include/touchgfx/Screen.hpp:104:18:virtual void touchgfx::Screen::afterTransition()	0	static
CM7/Middlewares/ST/touchgfx/framework/include/touchgfx/Screen.hpp:154:18:virtual void touchgfx::Screen::handleKeyEvent(uint8_t)	0	static
CM7/TouchGFX/generated/gui_generated/include/gui_generated/screen1_screen/Screen1ViewBase.hpp:84:18:virtual void Screen1ViewBase::airCompReqToggleCallback()	0	static
CM7/Middlewares/ST/touchgfx/framework/include/touchgfx/Callback.hpp:357:8:touchgfx::Callback<Screen1View, const touchgfx::AbstractButton&>::~Callback()	0	static
CM7/Middlewares/ST/touchgfx/framework/include/touchgfx/Callback.hpp:290:8:touchgfx::Callback<Screen1View, const touchgfx::Box&, const touchgfx::ClickEvent&>::~Callback()	0	static
CM7/TouchGFX/gui/src/screen1_screen/Screen1View.cpp:74:6:virtual void Screen1View::tearDownScreen()	0	static
CM7/Middlewares/ST/touchgfx/framework/include/touchgfx/Callback.hpp:318:18:void touchgfx::Callback<dest_type, T1, T2, void>::execute(T1, T2) [with dest_type = Screen1View; T1 = const touchgfx::Box&; T2 = const touchgfx::ClickEvent&]	12	static
CM7/Middlewares/ST/touchgfx/framework/include/touchgfx/Callback.hpp:328:18:bool touchgfx::Callback<dest_type, T1, T2, void>::isValid() const [with dest_type = Screen1View; T1 = const touchgfx::Box&; T2 = const touchgfx::ClickEvent&]	0	static
CM7/Middlewares/ST/touchgfx/framework/include/touchgfx/Callback.hpp:386:18:void touchgfx::Callback<dest_type, T1, void, void>::execute(T1) [with dest_type = Screen1View; T1 = const touchgfx::AbstractButton&]	8	static
CM7/Middlewares/ST/touchgfx/framework/include/touchgfx/Callback.hpp:396:18:bool touchgfx::Callback<dest_type, T1, void, void>::isValid() const [with dest_type = Screen1View; T1 = const touchgfx::AbstractButton&]	0	static
CM7/Middlewares/ST/touchgfx/framework/include/touchgfx/Callback.hpp:357:8:virtual touchgfx::Callback<Screen1View, const touchgfx::AbstractButton&>::~Callback()	8	static
CM7/Middlewares/ST/touchgfx/framework/include/touchgfx/Callback.hpp:290:8:virtual touchgfx::Callback<Screen1View, const touchgfx::Box&, const touchgfx::ClickEvent&>::~Callback()	8	static
CM7/TouchGFX/gui/src/screen1_screen/Screen1View.cpp:366:6:virtual void Screen1View::overrRideReqCallback()	16	static
CM7/TouchGFX/gui/include/gui/screen1_screen/Screen1View.hpp:14:13:Screen1View::~Screen1View()	8	static
CM7/TouchGFX/gui/include/gui/screen1_screen/Screen1View.hpp:14:13:virtual Screen1View::~Screen1View()	8	static
CM7/TouchGFX/gui/src/screen1_screen/Screen1View.cpp:416:6:virtual void Screen1View::hvHeaterEnableCallback()	16	static
CM7/TouchGFX/gui/src/screen1_screen/Screen1View.cpp:422:6:virtual void Screen1View::heatPumpReqCallback()	16	static
CM7/TouchGFX/gui/src/screen1_screen/Screen1View.cpp:428:6:virtual void Screen1View::heatFoilReqCallback()	16	static
CM7/TouchGFX/gui/src/screen1_screen/Screen1View.cpp:470:6:void Screen1View::radioButtonSelectedHandler(const touchgfx::AbstractButton&)	16	static
CM7/TouchGFX/gui/src/screen1_screen/Screen1View.cpp:485:6:void Screen1View::radioButtonSelectedHandler2(const touchgfx::AbstractButton&)	16	static
CM7/TouchGFX/gui/src/screen1_screen/Screen1View.cpp:501:6:void Screen1View::radioButtonSelectedHandler3(const touchgfx::AbstractButton&)	16	static
CM7/TouchGFX/gui/src/screen1_screen/Screen1View.cpp:577:6:void Screen1View::updateBoxColor(touchgfx::Box&, uint8_t)	0	static
CM7/TouchGFX/gui/src/screen1_screen/Screen1View.cpp:3:1:Screen1View::Screen1View()	8	static
CM7/TouchGFX/gui/src/screen1_screen/Screen1View.cpp:577:6:void Screen1View::updateBoxColor(touchgfx::Box&, uint8_t)	0	static
CM7/TouchGFX/gui/src/screen1_screen/Screen1View.cpp:593:6:void Screen1View::showFb1(FuseBox1State_t)	8	static
CM7/TouchGFX/gui/src/screen1_screen/Screen1View.cpp:624:6:void Screen1View::showFb2(FuseBox2State_t)	8	static
CM7/TouchGFX/gui/src/screen1_screen/Screen1View.cpp:655:6:void Screen1View::showFbR(FuseBoxRelay_t)	16	static
CM7/TouchGFX/gui/src/screen1_screen/Screen1View.cpp:12:6:virtual void Screen1View::setupScreen()	16	static
CM7/TouchGFX/gui/src/screen1_screen/Screen1View.cpp:84:6:void Screen1View::boxClickHandler(const touchgfx::Box&, const touchgfx::ClickEvent&)	24	static
CM7/TouchGFX/gui/src/screen1_screen/Screen1View.cpp:128:6:void Screen1View::setDefaults(Ip_Ltng_Chg_Pnematic_Tx_t)	24	static
CM7/TouchGFX/gui/src/screen1_screen/Screen1View.cpp:189:6:void Screen1View::showGearboxParkbrakeTemp(Gearbox_Parkbrake_Temp_t)	24	static
CM7/TouchGFX/gui/src/screen1_screen/Screen1View.cpp:279:6:void Screen1View::showPressHydLightPt(Press_Hydraulic_Light_PowerTrain_t)	16	static
CM7/TouchGFX/gui/src/screen1_screen/Screen1View.cpp:293:6:void Screen1View::showThermal1(Thermal_Management_Rx_1_t)	24	static
CM7/TouchGFX/gui/src/screen1_screen/Screen1View.cpp:313:6:void Screen1View::showThermal2(Thermal_Management_Rx_2_t)	16	static
CM7/TouchGFX/gui/src/screen1_screen/Screen1View.cpp:329:6:void Screen1View::showMtc1(Motor_And_Torque_Control_1_t)	24	static
CM7/TouchGFX/gui/src/screen1_screen/Screen1View.cpp:343:6:void Screen1View::showMtc2(Motor_And_Torque_Control_2_t)	24	static
CM7/TouchGFX/gui/src/screen1_screen/Screen1View.cpp:351:6:void Screen1View::showEpea(ElecSys_Power_Energy_AirComp_t)	24	static
CM7/TouchGFX/gui/src/screen1_screen/Screen1View.cpp:371:6:virtual void Screen1View::dcdcReqCallback()	16	static
CM7/TouchGFX/gui/src/screen1_screen/Screen1View.cpp:380:6:virtual void Screen1View::toggleLowBeamCallback()	16	static
CM7/TouchGFX/gui/src/screen1_screen/Screen1View.cpp:389:6:virtual void Screen1View::toggleHighBeamCallback()	16	static
CM7/TouchGFX/gui/src/screen1_screen/Screen1View.cpp:398:6:virtual void Screen1View::toggleIntLightsCallback()	16	static
CM7/TouchGFX/gui/src/screen1_screen/Screen1View.cpp:407:6:virtual void Screen1View::posLightsToggleCallback()	16	static
CM7/TouchGFX/gui/src/screen1_screen/Screen1View.cpp:434:6:virtual void Screen1View::stopChargeReqCallback()	16	static
CM7/TouchGFX/gui/src/screen1_screen/Screen1View.cpp:443:6:virtual void Screen1View::precondReqCallback()	16	static
CM7/TouchGFX/gui/src/screen1_screen/Screen1View.cpp:452:6:virtual void Screen1View::relay1StateToggleCallback()	8	static
CM7/TouchGFX/gui/src/screen1_screen/Screen1View.cpp:461:6:virtual void Screen1View::relay2StateToggleCallback()	8	static
CM7/TouchGFX/gui/src/screen1_screen/Screen1View.cpp:520:6:void Screen1View::showBms1_4(BMS_Values_5_t)	24	static
CM7/TouchGFX/gui/src/screen1_screen/Screen1View.cpp:539:6:void Screen1View::showBms5_8(BMS_Values_6_t)	24	static
CM7/TouchGFX/gui/src/screen1_screen/Screen1View.cpp:558:6:void Screen1View::showBms9_12(BMS_Values_7_t)	24	static
CM7/TouchGFX/gui/src/screen1_screen/Screen1View.cpp:686:6:void Screen1View::showBms13_16(BMS_Values_8_t)	24	static
CM7/TouchGFX/gui/src/screen1_screen/Screen1View.cpp:705:6:void Screen1View::showBms17_20(BMS_Values_9_t)	24	static
CM7/TouchGFX/gui/src/screen1_screen/Screen1View.cpp:724:6:void Screen1View::showBms21_24(BMS_Values_10_t)	24	static
CM7/TouchGFX/gui/src/screen1_screen/Screen1View.cpp:743:6:void Screen1View::showBms1Vals(BMS_Values_1_t)	40	static
CM7/TouchGFX/gui/src/screen1_screen/Screen1View.cpp:756:6:void Screen1View::showBms2Vals(BMS_Values_2_t)	40	static
CM7/TouchGFX/gui/src/screen1_screen/Screen1View.cpp:969:6:void Screen1View::showBms4Vals(BMS_Values_4_t)	24	static
CM7/TouchGFX/gui/src/screen1_screen/Screen1View.cpp:767:6:void Screen1View::showBms3Vals(BMS_Values_3_t)	32	static
