CM7/TouchGFX/generated/texts/src/TypedTextDatabase.cpp:274:43:const touchgfx::TypedText::TypedTextData* TypedTextDatabase::getInstance(touchgfx::LanguageId)	0	static
CM7/TouchGFX/generated/texts/src/TypedTextDatabase.cpp:279:10:uint16_t TypedTextDatabase::getInstanceSize()	0	static
CM7/TouchGFX/generated/texts/src/TypedTextDatabase.cpp:284:24:const touchgfx::Font** TypedTextDatabase::getFonts()	0	static
CM7/TouchGFX/generated/texts/src/TypedTextDatabase.cpp:289:23:const touchgfx::Font* TypedTextDatabase::setFont(touchgfx::FontId, const touchgfx::Font*)	0	static
CM7/TouchGFX/generated/texts/src/TypedTextDatabase.cpp:296:6:void TypedTextDatabase::resetFont(touchgfx::FontId)	8	static
CM7/TouchGFX/generated/texts/src/TypedTextDatabase.cpp:311:1:cpp)	8	static
