CM7/TouchGFX/generated/texts/src/TypedTextDatabase.cpp:272:43:const touchgfx::TypedText::TypedTextData* TypedTextDatabase::getInstance(touchgfx::LanguageId)	0	static
CM7/TouchGFX/generated/texts/src/TypedTextDatabase.cpp:277:10:uint16_t TypedTextDatabase::getInstanceSize()	0	static
CM7/TouchGFX/generated/texts/src/TypedTextDatabase.cpp:282:24:const touchgfx::Font** TypedTextDatabase::getFonts()	0	static
CM7/TouchGFX/generated/texts/src/TypedTextDatabase.cpp:287:23:const touchgfx::Font* TypedTextDatabase::setFont(touchgfx::FontId, const touchgfx::Font*)	0	static
CM7/TouchGFX/generated/texts/src/TypedTextDatabase.cpp:294:6:void TypedTextDatabase::resetFont(touchgfx::FontId)	8	static
CM7/TouchGFX/generated/texts/src/TypedTextDatabase.cpp:309:1:cpp)	8	static
