C:/TouchGFXProjects/SwipeHMI_1/CM7/Core/Src/fdcan.c:54:6:MX_FDCAN1_Init	72	static
C:/TouchGFXProjects/SwipeHMI_1/CM7/Core/Src/fdcan.c:145:6:HAL_FDCAN_MspInit	56	static
C:/TouchGFXProjects/SwipeHMI_1/CM7/Core/Src/fdcan.c:231:6:HAL_FDCAN_MspDeInit	8	static
C:/TouchGFXProjects/SwipeHMI_1/CM7/Core/Src/fdcan.c:352:6:HAL_FDCAN_RxFifo0Callback	0	static
C:/TouchGFXProjects/SwipeHMI_1/CM7/Core/Src/fdcan.c:360:6:CanRecv	128	static
C:/TouchGFXProjects/SwipeHMI_1/CM7/Core/Src/fdcan.c:390:6:FDCAN_TxFrame	56	static
C:/TouchGFXProjects/SwipeHMI_1/CM7/Core/Src/fdcan.c:415:6:CanTxDcdc	16	static
C:/TouchGFXProjects/SwipeHMI_1/CM7/Core/Src/fdcan.c:430:6:CanTxAirComp	24	static
C:/TouchGFXProjects/SwipeHMI_1/CM7/Core/Src/fdcan.c:445:6:CanTxHeater	16	static
C:/TouchGFXProjects/SwipeHMI_1/CM7/Core/Src/fdcan.c:460:6:CanTxSteering	24	static
C:/TouchGFXProjects/SwipeHMI_1/CM7/Core/Src/fdcan.c:475:6:CAN_GetHeatingData	8	static,ignoring_inline_asm
C:/TouchGFXProjects/SwipeHMI_1/CM7/Core/Src/fdcan.c:493:6:CAN_GetAirCompData	8	static,ignoring_inline_asm
C:/TouchGFXProjects/SwipeHMI_1/CM7/Core/Src/fdcan.c:511:6:CAN_GetBrakeData	0	static,ignoring_inline_asm
C:/TouchGFXProjects/SwipeHMI_1/CM7/Core/Src/fdcan.c:525:6:CAN_GetDCDCData	0	static,ignoring_inline_asm
C:/TouchGFXProjects/SwipeHMI_1/CM7/Core/Src/fdcan.c:539:6:updateTxBuffers	8	static,ignoring_inline_asm
C:/TouchGFXProjects/SwipeHMI_1/CM7/Core/Src/fdcan.c:562:6:CAN_SetDCDCStatus	0	static
C:/TouchGFXProjects/SwipeHMI_1/CM7/Core/Src/fdcan.c:575:6:CAN_SetAirCompStatus	0	static
C:/TouchGFXProjects/SwipeHMI_1/CM7/Core/Src/fdcan.c:588:6:CAN_SetHeaterStatus	0	static
C:/TouchGFXProjects/SwipeHMI_1/CM7/Core/Src/fdcan.c:599:6:CAN_SetSteeringStatus	0	static
C:/TouchGFXProjects/SwipeHMI_1/CM7/Core/Src/fdcan.c:622:6:CAN_GetSteeringData	0	static,ignoring_inline_asm
C:/TouchGFXProjects/SwipeHMI_1/CM7/Core/Src/fdcan.c:640:6:HAL_FDCAN_TxBufferCompleteCallback	0	static
C:/TouchGFXProjects/SwipeHMI_1/CM7/Core/Src/fdcan.c:646:6:HAL_FDCAN_ErrorCallback	0	static
