C:/TouchGFXProjects/SwipeHMI_1/CM7/Core/Src/main.c:217:6:SystemClock_Config	128	static,ignoring_inline_asm
C:/TouchGFXProjects/SwipeHMI_1/CM7/Core/Src/main.c:285:6:PeriphCommonClock_Config	208	static,ignoring_inline_asm
C:/TouchGFXProjects/SwipeHMI_1/CM7/Core/Src/main.c:91:5:main	8	static,ignoring_inline_asm
C:/TouchGFXProjects/SwipeHMI_1/CM7/Core/Src/main.c:334:6:HAL_TIM_PeriodElapsedCallback	0	static
C:/TouchGFXProjects/SwipeHMI_1/CM7/Core/Src/main.c:352:6:Error_Handler	0	static,ignoring_inline_asm
