CM7/Middlewares/ST/touchgfx/framework/include/touchgfx/Drawable.hpp:147:23:virtual touchgfx::Drawable* touchgfx::Drawable::getFirstChild()	0	static
CM7/Middlewares/ST/touchgfx/framework/include/touchgfx/Drawable.hpp:315:18:virtual void touchgfx::Drawable::setX(int16_t)	0	static
CM7/Middlewares/ST/touchgfx/framework/include/touchgfx/Drawable.hpp:327:18:virtual void touchgfx::Drawable::setY(int16_t)	0	static
CM7/Middlewares/ST/touchgfx/framework/include/touchgfx/Drawable.hpp:356:18:virtual void touchgfx::Drawable::setWidth(int16_t)	0	static
CM7/Middlewares/ST/touchgfx/framework/include/touchgfx/Drawable.hpp:368:18:virtual void touchgfx::Drawable::setHeight(int16_t)	0	static
CM7/Middlewares/ST/touchgfx/framework/include/touchgfx/Drawable.hpp:378:18:virtual void touchgfx::Drawable::childGeometryChanged()	0	static
CM7/Middlewares/ST/touchgfx/framework/include/touchgfx/Drawable.hpp:389:18:virtual void touchgfx::Drawable::handleClickEvent(const touchgfx::ClickEvent&)	0	static
CM7/Middlewares/ST/touchgfx/framework/include/touchgfx/Drawable.hpp:401:18:virtual void touchgfx::Drawable::handleGestureEvent(const touchgfx::GestureEvent&)	0	static
CM7/Middlewares/ST/touchgfx/framework/include/touchgfx/Drawable.hpp:490:18:virtual void touchgfx::Drawable::handleDragEvent(const touchgfx::DragEvent&)	0	static
CM7/Middlewares/ST/touchgfx/framework/include/touchgfx/Drawable.hpp:501:18:virtual void touchgfx::Drawable::handleTickEvent()	0	static
CM7/Middlewares/ST/touchgfx/framework/include/touchgfx/Drawable.hpp:588:18:virtual void touchgfx::Drawable::moveTo(int16_t, int16_t)	4	static
CM7/Middlewares/ST/touchgfx/framework/include/touchgfx/Drawable.hpp:703:18:virtual void touchgfx::Drawable::setupDrawChain(const touchgfx::Rect&, touchgfx::Drawable**)	0	static
CM7/Middlewares/ST/touchgfx/framework/include/touchgfx/Screen.hpp:93:18:virtual void touchgfx::Screen::setupScreen()	0	static
CM7/Middlewares/ST/touchgfx/framework/include/touchgfx/Screen.hpp:104:18:virtual void touchgfx::Screen::afterTransition()	0	static
CM7/Middlewares/ST/touchgfx/framework/include/touchgfx/Screen.hpp:115:18:virtual void touchgfx::Screen::tearDownScreen()	0	static
CM7/Middlewares/ST/touchgfx/framework/include/touchgfx/Screen.hpp:144:18:virtual void touchgfx::Screen::handleTickEvent()	0	static
CM7/Middlewares/ST/touchgfx/framework/include/touchgfx/Screen.hpp:154:18:virtual void touchgfx::Screen::handleKeyEvent(uint8_t)	0	static
CM7/Middlewares/ST/touchgfx/framework/include/touchgfx/TypedText.hpp:65:13:touchgfx::TypedText::~TypedText()	0	static
CM7/Middlewares/ST/touchgfx/framework/include/touchgfx/widgets/TextArea.hpp:48:18:virtual void touchgfx::TextArea::setWidth(int16_t)	32	static
CM7/Middlewares/ST/touchgfx/framework/include/touchgfx/widgets/TextArea.hpp:54:18:virtual void touchgfx::TextArea::setHeight(int16_t)	32	static
CM7/Middlewares/ST/touchgfx/framework/include/touchgfx/widgets/TextArea.hpp:60:18:virtual touchgfx::Rect touchgfx::TextArea::getSolidRect() const	0	static
CM7/Middlewares/ST/touchgfx/framework/include/touchgfx/widgets/TextArea.hpp:89:18:virtual void touchgfx::TextArea::setAlpha(uint8_t)	0	static
CM7/Middlewares/ST/touchgfx/framework/include/touchgfx/widgets/TextArea.hpp:127:18:virtual void touchgfx::TextArea::setXBaselineY(int16_t, int16_t)	16	static
CM7/Middlewares/ST/touchgfx/framework/include/touchgfx/widgets/TextArea.hpp:403:41:virtual const touchgfx::Unicode::UnicodeChar* touchgfx::TextArea::getWildcard2() const	0	static
CM7/Middlewares/ST/touchgfx/framework/include/touchgfx/widgets/TextAreaWithWildcard.hpp:84:41:virtual const touchgfx::Unicode::UnicodeChar* touchgfx::TextAreaWithOneWildcard::getWildcard1() const	0	static
CM7/Middlewares/ST/touchgfx/framework/include/touchgfx/widgets/TextAreaWithWildcard.hpp:147:41:virtual const touchgfx::Unicode::UnicodeChar* touchgfx::TextAreaWithTwoWildcards::getWildcard1() const	0	static
CM7/Middlewares/ST/touchgfx/framework/include/touchgfx/widgets/TextAreaWithWildcard.hpp:166:41:virtual const touchgfx::Unicode::UnicodeChar* touchgfx::TextAreaWithTwoWildcards::getWildcard2() const	0	static
CM7/TouchGFX/generated/gui_generated/include/gui_generated/screen1_screen/Screen1ViewBase.hpp:31:18:virtual void Screen1ViewBase::overrRideReqCallback()	0	static
CM7/TouchGFX/generated/gui_generated/include/gui_generated/screen1_screen/Screen1ViewBase.hpp:35:18:virtual void Screen1ViewBase::dcdcReqCallback()	0	static
CM7/TouchGFX/generated/gui_generated/include/gui_generated/screen1_screen/Screen1ViewBase.hpp:39:18:virtual void Screen1ViewBase::toggleLowBeamCallback()	0	static
CM7/TouchGFX/generated/gui_generated/include/gui_generated/screen1_screen/Screen1ViewBase.hpp:43:18:virtual void Screen1ViewBase::toggleIntLightsCallback()	0	static
CM7/TouchGFX/generated/gui_generated/include/gui_generated/screen1_screen/Screen1ViewBase.hpp:47:18:virtual void Screen1ViewBase::posLightsToggleCallback()	0	static
CM7/TouchGFX/generated/gui_generated/include/gui_generated/screen1_screen/Screen1ViewBase.hpp:51:18:virtual void Screen1ViewBase::toggleHighBeamCallback()	0	static
CM7/TouchGFX/generated/gui_generated/include/gui_generated/screen1_screen/Screen1ViewBase.hpp:55:18:virtual void Screen1ViewBase::hvHeaterEnableCallback()	0	static
CM7/TouchGFX/generated/gui_generated/include/gui_generated/screen1_screen/Screen1ViewBase.hpp:59:18:virtual void Screen1ViewBase::heatPumpReqCallback()	0	static
CM7/TouchGFX/generated/gui_generated/include/gui_generated/screen1_screen/Screen1ViewBase.hpp:63:18:virtual void Screen1ViewBase::heatFoilReqCallback()	0	static
CM7/TouchGFX/generated/gui_generated/include/gui_generated/screen1_screen/Screen1ViewBase.hpp:67:18:virtual void Screen1ViewBase::stopChargeReqCallback()	0	static
CM7/TouchGFX/generated/gui_generated/include/gui_generated/screen1_screen/Screen1ViewBase.hpp:71:18:virtual void Screen1ViewBase::precondReqCallback()	0	static
CM7/TouchGFX/generated/gui_generated/include/gui_generated/screen1_screen/Screen1ViewBase.hpp:75:18:virtual void Screen1ViewBase::relay1StateToggleCallback()	0	static
CM7/TouchGFX/generated/gui_generated/include/gui_generated/screen1_screen/Screen1ViewBase.hpp:79:18:virtual void Screen1ViewBase::relay2StateToggleCallback()	0	static
CM7/Middlewares/ST/touchgfx/framework/include/mvp/View.hpp:36:7:touchgfx::View<Screen1Presenter>::~View()	0	static
CM7/Middlewares/ST/touchgfx/framework/include/touchgfx/widgets/TextAreaWithWildcard.hpp:62:7:touchgfx::TextAreaWithOneWildcard::~TextAreaWithOneWildcard()	0	static
CM7/Middlewares/ST/touchgfx/framework/include/touchgfx/widgets/TextAreaWithWildcard.hpp:125:7:touchgfx::TextAreaWithTwoWildcards::~TextAreaWithTwoWildcards()	0	static
CM7/Middlewares/ST/touchgfx/framework/include/touchgfx/Callback.hpp:357:8:touchgfx::Callback<Screen1ViewBase, const touchgfx::AbstractButton&>::~Callback()	0	static
CM7/TouchGFX/generated/gui_generated/src/screen1_screen/Screen1ViewBase.cpp:2165:6:virtual void Screen1ViewBase::setupScreen()	0	static
CM7/TouchGFX/generated/gui_generated/src/screen1_screen/Screen1ViewBase.cpp:2170:6:void Screen1ViewBase::buttonCallbackHandler(const touchgfx::AbstractButton&)	16	static
CM7/Middlewares/ST/touchgfx/framework/include/touchgfx/Callback.hpp:357:8:touchgfx::Callback<touchgfx::RadioButtonGroup<3>, const touchgfx::AbstractButton&, void, void>::~Callback()	0	static
CM7/Middlewares/ST/touchgfx/framework/include/touchgfx/widgets/RadioButtonGroup.hpp:53:13:touchgfx::RadioButtonGroup<CAPACITY>::~RadioButtonGroup() [with short unsigned int CAPACITY = 3]	0	static
CM7/Middlewares/ST/touchgfx/framework/include/touchgfx/Callback.hpp:357:8:touchgfx::Callback<touchgfx::RadioButtonGroup<4>, const touchgfx::AbstractButton&, void, void>::~Callback()	0	static
CM7/Middlewares/ST/touchgfx/framework/include/touchgfx/widgets/RadioButtonGroup.hpp:53:13:touchgfx::RadioButtonGroup<CAPACITY>::~RadioButtonGroup() [with short unsigned int CAPACITY = 4]	0	static
CM7/Middlewares/ST/touchgfx/framework/include/touchgfx/Callback.hpp:386:18:void touchgfx::Callback<dest_type, T1, void, void>::execute(T1) [with dest_type = Screen1ViewBase; T1 = const touchgfx::AbstractButton&]	8	static
CM7/Middlewares/ST/touchgfx/framework/include/touchgfx/Callback.hpp:396:18:bool touchgfx::Callback<dest_type, T1, void, void>::isValid() const [with dest_type = Screen1ViewBase; T1 = const touchgfx::AbstractButton&]	0	static
CM7/Middlewares/ST/touchgfx/framework/include/touchgfx/widgets/RadioButtonGroup.hpp:78:26:touchgfx::RadioButton* touchgfx::RadioButtonGroup<CAPACITY>::getRadioButton(uint16_t) const [with short unsigned int CAPACITY = 4]	0	static
CM7/Middlewares/ST/touchgfx/framework/include/touchgfx/widgets/RadioButtonGroup.hpp:89:21:int32_t touchgfx::RadioButtonGroup<CAPACITY>::getSelectedRadioButtonIndex() const [with short unsigned int CAPACITY = 4]	8	static
CM7/Middlewares/ST/touchgfx/framework/include/touchgfx/widgets/RadioButtonGroup.hpp:107:26:touchgfx::RadioButton* touchgfx::RadioButtonGroup<CAPACITY>::getSelectedRadioButton() const [with short unsigned int CAPACITY = 4]	8	static
CM7/Middlewares/ST/touchgfx/framework/include/touchgfx/widgets/RadioButtonGroup.hpp:138:18:void touchgfx::RadioButtonGroup<CAPACITY>::setDeselectionEnabled(bool) [with short unsigned int CAPACITY = 4]	0	static
CM7/Middlewares/ST/touchgfx/framework/include/touchgfx/widgets/RadioButtonGroup.hpp:153:18:bool touchgfx::RadioButtonGroup<CAPACITY>::getDeselectionEnabled() const [with short unsigned int CAPACITY = 4]	0	static
CM7/Middlewares/ST/touchgfx/framework/include/touchgfx/Callback.hpp:386:18:void touchgfx::Callback<dest_type, T1, void, void>::execute(T1) [with dest_type = touchgfx::RadioButtonGroup<4>; T1 = const touchgfx::AbstractButton&]	8	static
CM7/Middlewares/ST/touchgfx/framework/include/touchgfx/Callback.hpp:396:18:bool touchgfx::Callback<dest_type, T1, void, void>::isValid() const [with dest_type = touchgfx::RadioButtonGroup<4>; T1 = const touchgfx::AbstractButton&]	0	static
CM7/Middlewares/ST/touchgfx/framework/include/touchgfx/widgets/RadioButtonGroup.hpp:78:26:touchgfx::RadioButton* touchgfx::RadioButtonGroup<CAPACITY>::getRadioButton(uint16_t) const [with short unsigned int CAPACITY = 3]	0	static
CM7/Middlewares/ST/touchgfx/framework/include/touchgfx/widgets/RadioButtonGroup.hpp:89:21:int32_t touchgfx::RadioButtonGroup<CAPACITY>::getSelectedRadioButtonIndex() const [with short unsigned int CAPACITY = 3]	8	static
CM7/Middlewares/ST/touchgfx/framework/include/touchgfx/widgets/RadioButtonGroup.hpp:107:26:touchgfx::RadioButton* touchgfx::RadioButtonGroup<CAPACITY>::getSelectedRadioButton() const [with short unsigned int CAPACITY = 3]	8	static
CM7/Middlewares/ST/touchgfx/framework/include/touchgfx/widgets/RadioButtonGroup.hpp:138:18:void touchgfx::RadioButtonGroup<CAPACITY>::setDeselectionEnabled(bool) [with short unsigned int CAPACITY = 3]	0	static
CM7/Middlewares/ST/touchgfx/framework/include/touchgfx/widgets/RadioButtonGroup.hpp:153:18:bool touchgfx::RadioButtonGroup<CAPACITY>::getDeselectionEnabled() const [with short unsigned int CAPACITY = 3]	0	static
CM7/Middlewares/ST/touchgfx/framework/include/touchgfx/Callback.hpp:386:18:void touchgfx::Callback<dest_type, T1, void, void>::execute(T1) [with dest_type = touchgfx::RadioButtonGroup<3>; T1 = const touchgfx::AbstractButton&]	8	static
CM7/Middlewares/ST/touchgfx/framework/include/touchgfx/Callback.hpp:396:18:bool touchgfx::Callback<dest_type, T1, void, void>::isValid() const [with dest_type = touchgfx::RadioButtonGroup<3>; T1 = const touchgfx::AbstractButton&]	0	static
CM7/Middlewares/ST/touchgfx/framework/include/touchgfx/widgets/RadioButtonGroup.hpp:122:18:void touchgfx::RadioButtonGroup<CAPACITY>::setSelected(touchgfx::RadioButton&) [with short unsigned int CAPACITY = 3]	16	static
CM7/Middlewares/ST/touchgfx/framework/include/touchgfx/widgets/RadioButtonGroup.hpp:122:18:void touchgfx::RadioButtonGroup<CAPACITY>::setSelected(touchgfx::RadioButton&) [with short unsigned int CAPACITY = 4]	16	static
CM7/Middlewares/ST/touchgfx/framework/include/touchgfx/TypedText.hpp:65:13:virtual touchgfx::TypedText::~TypedText()	8	static
CM7/Middlewares/ST/touchgfx/framework/include/mvp/View.hpp:36:7:virtual touchgfx::View<Screen1Presenter>::~View()	8	static
CM7/Middlewares/ST/touchgfx/framework/include/touchgfx/widgets/TextAreaWithWildcard.hpp:125:7:virtual touchgfx::TextAreaWithTwoWildcards::~TextAreaWithTwoWildcards()	8	static
CM7/Middlewares/ST/touchgfx/framework/include/touchgfx/widgets/TextAreaWithWildcard.hpp:62:7:virtual touchgfx::TextAreaWithOneWildcard::~TextAreaWithOneWildcard()	8	static
CM7/Middlewares/ST/touchgfx/framework/include/touchgfx/widgets/RadioButtonGroup.hpp:53:13:touchgfx::RadioButtonGroup<CAPACITY>::~RadioButtonGroup() [with short unsigned int CAPACITY = 3]	8	static
CM7/Middlewares/ST/touchgfx/framework/include/touchgfx/Callback.hpp:357:8:virtual touchgfx::Callback<touchgfx::RadioButtonGroup<3>, const touchgfx::AbstractButton&, void, void>::~Callback()	8	static
CM7/Middlewares/ST/touchgfx/framework/include/touchgfx/widgets/RadioButtonGroup.hpp:53:13:touchgfx::RadioButtonGroup<CAPACITY>::~RadioButtonGroup() [with short unsigned int CAPACITY = 4]	8	static
CM7/Middlewares/ST/touchgfx/framework/include/touchgfx/Callback.hpp:357:8:virtual touchgfx::Callback<touchgfx::RadioButtonGroup<4>, const touchgfx::AbstractButton&, void, void>::~Callback()	8	static
CM7/Middlewares/ST/touchgfx/framework/include/touchgfx/Callback.hpp:357:8:virtual touchgfx::Callback<Screen1ViewBase, const touchgfx::AbstractButton&>::~Callback()	8	static
CM7/Middlewares/ST/touchgfx/framework/include/touchgfx/Drawable.hpp:121:18:virtual void touchgfx::Drawable::invalidateContent() const	0	static
CM7/Middlewares/ST/touchgfx/framework/include/touchgfx/widgets/TextAreaWithWildcard.hpp:43:18:virtual void touchgfx::TextAreaWithWildcardBase::invalidateContent() const	8	static
CM7/Middlewares/ST/touchgfx/framework/include/touchgfx/widgets/Widget.hpp:45:18:virtual void touchgfx::Widget::getLastChild(int16_t, int16_t, touchgfx::Drawable**)	0	static
CM7/Middlewares/ST/touchgfx/framework/include/touchgfx/widgets/TextArea.hpp:111:18:virtual void touchgfx::TextArea::setBaselineY(int16_t)	16	static
CM7/Middlewares/ST/touchgfx/framework/include/touchgfx/widgets/RadioButtonGroup.hpp:63:18:void touchgfx::RadioButtonGroup<CAPACITY>::add(touchgfx::RadioButton&) [with short unsigned int CAPACITY = 3]	8	static
CM7/Middlewares/ST/touchgfx/framework/include/touchgfx/widgets/RadioButtonGroup.hpp:63:18:void touchgfx::RadioButtonGroup<CAPACITY>::add(touchgfx::RadioButton&) [with short unsigned int CAPACITY = 4]	8	static
CM7/Middlewares/ST/touchgfx/framework/include/touchgfx/widgets/RadioButtonGroup.hpp:202:18:void touchgfx::RadioButtonGroup<CAPACITY>::radioButtonClickedHandler(const touchgfx::AbstractButton&) [with short unsigned int CAPACITY = 4]	16	static
CM7/Middlewares/ST/touchgfx/framework/include/touchgfx/widgets/RadioButtonGroup.hpp:202:18:void touchgfx::RadioButtonGroup<CAPACITY>::radioButtonClickedHandler(const touchgfx::AbstractButton&) [with short unsigned int CAPACITY = 3]	16	static
CM7/Middlewares/ST/touchgfx/framework/include/touchgfx/widgets/RadioButtonGroup.hpp:227:18:void touchgfx::RadioButtonGroup<CAPACITY>::radioButtonDeselectedHandler(const touchgfx::AbstractButton&) [with short unsigned int CAPACITY = 4]	16	static
CM7/Middlewares/ST/touchgfx/framework/include/touchgfx/widgets/RadioButtonGroup.hpp:227:18:void touchgfx::RadioButtonGroup<CAPACITY>::radioButtonDeselectedHandler(const touchgfx::AbstractButton&) [with short unsigned int CAPACITY = 3]	16	static
CM7/Middlewares/ST/touchgfx/framework/include/touchgfx/Drawable.hpp:343:10:void touchgfx::Drawable::setXY(int16_t, int16_t)	16	static
CM7/Middlewares/ST/touchgfx/framework/include/touchgfx/Drawable.hpp:233:10:void touchgfx::Drawable::setPosition(int16_t, int16_t, int16_t, int16_t)	16	static
CM7/Middlewares/ST/touchgfx/framework/include/touchgfx/containers/Container.hpp:43:5:touchgfx::Container::Container()	0	static
CM7/Middlewares/ST/touchgfx/framework/include/touchgfx/widgets/Widget.hpp:36:7:touchgfx::Widget::Widget()	0	static
CM7/Middlewares/ST/touchgfx/framework/include/touchgfx/widgets/Box.hpp:33:5:touchgfx::Box::Box()	8	static
CM7/Middlewares/ST/touchgfx/framework/include/touchgfx/widgets/Image.hpp:50:5:touchgfx::Image::Image(const touchgfx::Bitmap&)	16	static
CM7/Middlewares/ST/touchgfx/framework/include/touchgfx/widgets/TextArea.hpp:429:9:touchgfx::TextArea::BoundingArea::BoundingArea()	0	static
CM7/Middlewares/ST/touchgfx/framework/include/touchgfx/widgets/TextAreaWithWildcard.hpp:49:36:virtual touchgfx::TextArea::BoundingArea touchgfx::TextAreaWithWildcardBase::calculateBoundingArea() const	8	static
CM7/Middlewares/ST/touchgfx/framework/include/touchgfx/widgets/TextArea.hpp:43:5:touchgfx::TextArea::TextArea()	8	static
CM7/Middlewares/ST/touchgfx/framework/include/touchgfx/widgets/TextAreaWithWildcard.hpp:65:5:touchgfx::TextAreaWithOneWildcard::TextAreaWithOneWildcard()	8	static
CM7/Middlewares/ST/touchgfx/framework/include/touchgfx/widgets/AbstractButton.hpp:36:5:touchgfx::AbstractButton::AbstractButton()	8	static
CM7/Middlewares/ST/touchgfx/framework/include/touchgfx/widgets/ToggleButton.hpp:35:18:virtual void touchgfx::ToggleButton::setBitmaps(const touchgfx::Bitmap&, const touchgfx::Bitmap&)	0	static
CM7/Middlewares/ST/touchgfx/framework/include/touchgfx/widgets/RadioButton.hpp:41:5:touchgfx::RadioButton::RadioButton()	8	static
CM7/Middlewares/ST/touchgfx/framework/include/touchgfx/widgets/ToggleButton.hpp:32:7:touchgfx::ToggleButton::ToggleButton()	8	static
CM7/TouchGFX/generated/gui_generated/src/screen1_screen/Screen1ViewBase.cpp:9:1:Screen1ViewBase::Screen1ViewBase()	1536	static
CM7/TouchGFX/generated/gui_generated/src/screen1_screen/Screen1ViewBase.cpp:2160:1:Screen1ViewBase::~Screen1ViewBase()	8	static
CM7/TouchGFX/generated/gui_generated/src/screen1_screen/Screen1ViewBase.cpp:2160:1:virtual Screen1ViewBase::~Screen1ViewBase()	8	static
